2026-01-03 12:12:54 | INFO | main | Starting market intelligence pipeline
2026-01-03 12:21:36 | INFO | main | Starting market intelligence pipeline
2026-01-03 12:21:38 | INFO | scraper | Chrome driver started
2026-01-03 12:21:38 | INFO | scraper | Searching for keyword: #nifty50
2026-01-03 12:23:52 | INFO | main | Starting market intelligence pipeline
2026-01-03 12:23:53 | INFO | scraper | Chrome driver started
2026-01-03 12:23:53 | INFO | scraper | Searching for keyword: #nifty50
2026-01-03 12:24:04 | INFO | scraper | TWEET #1 | ❤️ 0 🔁 0 💬 0
2026-01-03 12:24:04 | INFO | scraper | TWEET #2 | ❤️ 0 🔁 0 💬 0
2026-01-03 12:24:04 | INFO | scraper | TWEET #3 | ❤️ 0 🔁 0 💬 1
2026-01-03 12:24:04 | INFO | scraper | TWEET #4 | ❤️ 0 🔁 0 💬 0
2026-01-03 12:24:04 | INFO | scraper | TWEET #5 | ❤️ 0 🔁 0 💬 0
2026-01-03 12:24:04 | INFO | scraper | TWEET #6 | ❤️ 10 🔁 5 💬 1
2026-01-03 12:24:04 | INFO | scraper | TWEET #7 | ❤️ 0 🔁 0 💬 0
2026-01-03 12:24:07 | INFO | scraper | TWEET #8 | ❤️ 0 🔁 1 💬 0
2026-01-03 12:24:08 | INFO | scraper | TWEET #9 | ❤️ 0 🔁 0 💬 0
2026-01-03 12:24:08 | INFO | scraper | TWEET #10 | ❤️ 0 🔁 0 💬 0
2026-01-03 12:24:08 | INFO | scraper | TWEET #11 | ❤️ 0 🔁 0 💬 0
2026-01-03 12:24:11 | INFO | scraper | TWEET #12 | ❤️ 1 🔁 1 💬 0
2026-01-03 12:24:11 | INFO | scraper | TWEET #13 | ❤️ 2 🔁 0 💬 0
2026-01-03 12:24:11 | INFO | scraper | TWEET #14 | ❤️ 0 🔁 0 💬 0
2026-01-03 12:24:14 | INFO | scraper | TWEET #15 | ❤️ 1 🔁 0 💬 0
2026-01-03 12:24:14 | INFO | scraper | TWEET #16 | ❤️ 0 🔁 0 💬 0
2026-01-03 12:24:14 | INFO | scraper | TWEET #17 | ❤️ 0 🔁 0 💬 0
2026-01-03 12:24:14 | INFO | scraper | TWEET #18 | ❤️ 0 🔁 0 💬 0
2026-01-03 12:24:14 | INFO | scraper | TWEET #19 | ❤️ 3 🔁 0 💬 0
2026-01-03 12:24:15 | INFO | scraper | TWEET #20 | ❤️ 1 🔁 0 💬 0
2026-01-03 12:24:15 | INFO | scraper | TWEET #21 | ❤️ 0 🔁 0 💬 0
2026-01-03 12:24:15 | INFO | scraper | TWEET #22 | ❤️ 0 🔁 0 💬 0
2026-01-03 12:24:17 | INFO | scraper | No more tweets loading for #nifty50
2026-01-03 12:24:17 | INFO | scraper | Searching for keyword: #sensex
2026-01-03 12:24:29 | INFO | scraper | TWEET #23 | ❤️ 0 🔁 0 💬 0
2026-01-03 12:24:29 | INFO | scraper | TWEET #24 | ❤️ 0 🔁 0 💬 0
2026-01-03 12:24:29 | INFO | scraper | TWEET #25 | ❤️ 0 🔁 0 💬 0
2026-01-03 12:24:31 | INFO | scraper | No more tweets loading for #sensex
2026-01-03 12:24:31 | INFO | scraper | Searching for keyword: #banknifty
2026-01-03 12:24:44 | INFO | scraper | TWEET #26 | ❤️ 4 🔁 0 💬 1
2026-01-03 12:24:44 | INFO | scraper | TWEET #27 | ❤️ 0 🔁 0 💬 0
2026-01-03 12:24:44 | INFO | scraper | TWEET #28 | ❤️ 20 🔁 2 💬 3
2026-01-03 12:24:46 | INFO | scraper | No more tweets loading for #banknifty
2026-01-03 12:24:46 | INFO | scraper | Searching for keyword: #intraday
2026-01-03 12:24:58 | INFO | scraper | TWEET #29 | ❤️ 2 🔁 1 💬 0
2026-01-03 12:24:58 | INFO | scraper | TWEET #30 | ❤️ 1 🔁 0 💬 0
2026-01-03 12:24:58 | INFO | scraper | TWEET #31 | ❤️ 1 🔁 0 💬 0
2026-01-03 12:25:01 | INFO | scraper | No more tweets loading for #intraday
2026-01-03 12:25:03 | INFO | scraper | Scraping completed. Total tweets collected: 31
2026-01-03 12:25:03 | INFO | main | Scraped 31 tweets
2026-01-03 12:25:03 | INFO | processing | Processing 31 raw tweets
2026-01-03 12:25:03 | INFO | processing | Deduplicated tweets: 31 → 31
2026-01-03 12:25:03 | INFO | analysis | Building TF-IDF vectors
2026-01-03 12:25:03 | INFO | analysis | Calculating sentiment signal
2026-01-03 12:25:03 | INFO | analysis | Signal generated: {'mean_signal': np.float64(0.04471917293935131), 'confidence': np.float64(0.2489858174269529), 'tweet_count': 31}
2026-01-03 12:25:03 | INFO | main | Saved tweets.parquet successfully
2026-01-03 12:25:03 | INFO | main | Pipeline completed
2026-01-03 12:37:08 | INFO | main | Target tweets: 300
2026-01-03 12:38:11 | INFO | main | Target tweets: 300
2026-01-03 12:47:07 | INFO | main | Target tweets: 300
2026-01-03 12:47:09 | INFO | scraper | Chrome driver started
2026-01-03 12:47:09 | INFO | scraper | Searching keyword: #nifty50
2026-01-03 12:47:19 | INFO | scraper | TWEET #1 | ❤️ 0 🔁 0 💬 0
2026-01-03 12:47:19 | INFO | scraper | TWEET #2 | ❤️ 15 🔁 0 💬 0
2026-01-03 12:47:20 | INFO | scraper | TWEET #3 | ❤️ 0 🔁 0 💬 1
2026-01-03 12:47:20 | INFO | scraper | TWEET #4 | ❤️ 0 🔁 0 💬 1
2026-01-03 12:47:20 | INFO | scraper | TWEET #5 | ❤️ 0 🔁 0 💬 0
2026-01-03 12:47:22 | INFO | scraper | TWEET #6 | ❤️ 1 🔁 0 💬 0
2026-01-03 12:47:22 | INFO | scraper | TWEET #7 | ❤️ 4 🔁 1 💬 0
2026-01-03 12:47:23 | INFO | scraper | TWEET #8 | ❤️ 0 🔁 0 💬 0
2026-01-03 12:47:23 | INFO | scraper | TWEET #9 | ❤️ 0 🔁 0 💬 0
2026-01-03 12:47:23 | INFO | scraper | TWEET #10 | ❤️ 0 🔁 0 💬 0
2026-01-03 12:47:23 | INFO | scraper | TWEET #11 | ❤️ 2 🔁 0 💬 1
2026-01-03 12:47:23 | INFO | scraper | TWEET #12 | ❤️ 0 🔁 0 💬 0
2026-01-03 12:47:26 | INFO | scraper | TWEET #13 | ❤️ 0 🔁 0 💬 0
2026-01-03 12:47:26 | INFO | scraper | TWEET #14 | ❤️ 0 🔁 0 💬 0
2026-01-03 12:47:26 | INFO | scraper | TWEET #15 | ❤️ 0 🔁 0 💬 0
2026-01-03 12:47:26 | INFO | scraper | TWEET #16 | ❤️ 0 🔁 0 💬 1
2026-01-03 12:47:27 | INFO | scraper | TWEET #17 | ❤️ 0 🔁 0 💬 0
2026-01-03 12:47:27 | INFO | scraper | TWEET #18 | ❤️ 0 🔁 1 💬 0
2026-01-03 12:47:27 | INFO | scraper | TWEET #19 | ❤️ 0 🔁 0 💬 0
2026-01-03 12:47:29 | INFO | scraper | TWEET #20 | ❤️ 1 🔁 1 💬 0
2026-01-03 12:47:29 | INFO | scraper | TWEET #21 | ❤️ 2 🔁 0 💬 0
2026-01-03 12:47:30 | INFO | scraper | TWEET #22 | ❤️ 0 🔁 0 💬 0
2026-01-03 12:47:30 | INFO | scraper | TWEET #23 | ❤️ 0 🔁 0 💬 0
2026-01-03 12:47:30 | INFO | scraper | TWEET #24 | ❤️ 0 🔁 0 💬 0
2026-01-03 12:47:30 | INFO | scraper | TWEET #25 | ❤️ 0 🔁 0 💬 0
2026-01-03 12:47:32 | INFO | scraper | TWEET #26 | ❤️ 0 🔁 0 💬 0
2026-01-03 12:47:32 | INFO | scraper | TWEET #27 | ❤️ 0 🔁 0 💬 0
2026-01-03 12:47:33 | INFO | scraper | TWEET #28 | ❤️ 0 🔁 0 💬 0
2026-01-03 12:47:33 | INFO | scraper | TWEET #29 | ❤️ 2 🔁 0 💬 0
2026-01-03 12:47:33 | INFO | scraper | TWEET #30 | ❤️ 0 🔁 0 💬 0
2026-01-03 12:47:33 | INFO | scraper | TWEET #31 | ❤️ 0 🔁 0 💬 0
2026-01-03 12:47:36 | INFO | scraper | TWEET #32 | ❤️ 0 🔁 0 💬 0
2026-01-03 12:47:36 | INFO | scraper | TWEET #33 | ❤️ 1 🔁 0 💬 0
2026-01-03 12:47:36 | INFO | scraper | TWEET #34 | ❤️ 0 🔁 0 💬 1
2026-01-03 12:47:39 | INFO | scraper | TWEET #35 | ❤️ 0 🔁 0 💬 0
2026-01-03 12:47:39 | INFO | scraper | TWEET #36 | ❤️ 0 🔁 0 💬 0
2026-01-03 12:47:39 | INFO | scraper | TWEET #37 | ❤️ 1 🔁 0 💬 0
2026-01-03 12:47:39 | INFO | scraper | TWEET #38 | ❤️ 0 🔁 0 💬 0
2026-01-03 12:47:39 | INFO | scraper | TWEET #39 | ❤️ 2 🔁 4 💬 10
2026-01-03 12:47:39 | INFO | scraper | TWEET #40 | ❤️ 0 🔁 0 💬 0
2026-01-03 12:47:40 | INFO | scraper | TWEET #41 | ❤️ 0 🔁 0 💬 0
2026-01-03 12:47:43 | INFO | scraper | TWEET #42 | ❤️ 1 🔁 0 💬 0
2026-01-03 12:47:43 | INFO | scraper | TWEET #43 | ❤️ 0 🔁 0 💬 0
2026-01-03 12:47:43 | INFO | scraper | TWEET #44 | ❤️ 0 🔁 0 💬 0
2026-01-03 12:47:43 | INFO | scraper | TWEET #45 | ❤️ 0 🔁 0 💬 0
2026-01-03 12:47:43 | INFO | scraper | TWEET #46 | ❤️ 1 🔁 0 💬 0
2026-01-03 12:47:43 | INFO | scraper | TWEET #47 | ❤️ 0 🔁 0 💬 0
2026-01-03 12:47:43 | INFO | scraper | TWEET #48 | ❤️ 0 🔁 0 💬 0
2026-01-03 12:47:46 | INFO | scraper | TWEET #49 | ❤️ 0 🔁 0 💬 0
2026-01-03 12:47:46 | INFO | scraper | TWEET #50 | ❤️ 1 🔁 0 💬 0
2026-01-03 12:47:46 | INFO | scraper | TWEET #51 | ❤️ 0 🔁 0 💬 0
2026-01-03 12:47:47 | INFO | scraper | TWEET #52 | ❤️ 0 🔁 0 💬 0
2026-01-03 12:47:47 | INFO | scraper | TWEET #53 | ❤️ 0 🔁 2 💬 0
2026-01-03 12:47:47 | INFO | scraper | TWEET #54 | ❤️ 1 🔁 1 💬 0
2026-01-03 12:47:50 | INFO | scraper | TWEET #55 | ❤️ 0 🔁 0 💬 0
2026-01-03 12:47:50 | INFO | scraper | TWEET #56 | ❤️ 1 🔁 0 💬 0
2026-01-03 12:47:50 | INFO | scraper | TWEET #57 | ❤️ 5 🔁 0 💬 0
2026-01-03 12:47:50 | INFO | scraper | TWEET #58 | ❤️ 0 🔁 0 💬 0
2026-01-03 12:47:50 | INFO | scraper | TWEET #59 | ❤️ 0 🔁 0 💬 0
2026-01-03 12:47:50 | INFO | scraper | TWEET #60 | ❤️ 1 🔁 0 💬 0
2026-01-03 12:47:53 | INFO | scraper | TWEET #61 | ❤️ 0 🔁 0 💬 0
2026-01-03 12:47:54 | INFO | scraper | TWEET #62 | ❤️ 1 🔁 0 💬 0
2026-01-03 12:47:54 | INFO | scraper | TWEET #63 | ❤️ 0 🔁 0 💬 0
2026-01-03 12:47:54 | INFO | scraper | TWEET #64 | ❤️ 0 🔁 0 💬 0
2026-01-03 12:47:54 | INFO | scraper | TWEET #65 | ❤️ 3 🔁 1 💬 0
2026-01-03 12:47:57 | INFO | scraper | TWEET #66 | ❤️ 2 🔁 0 💬 0
2026-01-03 12:47:57 | INFO | scraper | TWEET #67 | ❤️ 0 🔁 0 💬 0
2026-01-03 12:47:57 | INFO | scraper | TWEET #68 | ❤️ 0 🔁 0 💬 0
2026-01-03 12:47:57 | INFO | scraper | TWEET #69 | ❤️ 0 🔁 0 💬 0
2026-01-03 12:47:57 | INFO | scraper | TWEET #70 | ❤️ 0 🔁 0 💬 0
2026-01-03 12:47:57 | INFO | scraper | TWEET #71 | ❤️ 4 🔁 2 💬 0
2026-01-03 12:47:57 | INFO | scraper | TWEET #72 | ❤️ 0 🔁 0 💬 1
2026-01-03 12:47:58 | INFO | scraper | TWEET #73 | ❤️ 51 🔁 5 💬 4
2026-01-03 12:47:58 | INFO | scraper | TWEET #74 | ❤️ 0 🔁 0 💬 0
2026-01-03 12:48:01 | INFO | scraper | TWEET #75 | ❤️ 0 🔁 0 💬 0
2026-01-03 12:48:01 | INFO | scraper | TWEET #76 | ❤️ 18 🔁 3 💬 1
2026-01-03 12:48:01 | INFO | scraper | TWEET #77 | ❤️ 0 🔁 0 💬 0
2026-01-03 12:48:01 | INFO | scraper | TWEET #78 | ❤️ 0 🔁 0 💬 0
2026-01-03 12:48:01 | INFO | scraper | TWEET #79 | ❤️ 0 🔁 0 💬 0
2026-01-03 12:48:01 | INFO | scraper | TWEET #80 | ❤️ 0 🔁 0 💬 0
2026-01-03 12:48:05 | INFO | scraper | TWEET #81 | ❤️ 0 🔁 0 💬 0
2026-01-03 12:48:05 | INFO | scraper | TWEET #82 | ❤️ 0 🔁 0 💬 0
2026-01-03 12:48:05 | INFO | scraper | TWEET #83 | ❤️ 1 🔁 0 💬 0
2026-01-03 12:48:05 | INFO | scraper | TWEET #84 | ❤️ 0 🔁 0 💬 1
2026-01-03 12:48:05 | INFO | scraper | TWEET #85 | ❤️ 1 🔁 0 💬 0
2026-01-03 12:48:05 | INFO | scraper | TWEET #86 | ❤️ 1 🔁 0 💬 0
2026-01-03 12:48:09 | INFO | scraper | TWEET #87 | ❤️ 3 🔁 0 💬 0
2026-01-03 12:48:09 | INFO | scraper | TWEET #88 | ❤️ 0 🔁 0 💬 0
2026-01-03 12:48:09 | INFO | scraper | TWEET #89 | ❤️ 0 🔁 0 💬 0
2026-01-03 12:48:09 | INFO | scraper | TWEET #90 | ❤️ 0 🔁 0 💬 0
2026-01-03 12:48:11 | INFO | scraper | TWEET #91 | ❤️ 18 🔁 5 💬 0
2026-01-03 12:48:11 | INFO | scraper | TWEET #92 | ❤️ 0 🔁 0 💬 0
2026-01-03 12:48:11 | INFO | scraper | TWEET #93 | ❤️ 0 🔁 0 💬 0
2026-01-03 12:48:12 | INFO | scraper | TWEET #94 | ❤️ 0 🔁 0 💬 0
2026-01-03 12:48:12 | INFO | scraper | TWEET #95 | ❤️ 0 🔁 0 💬 0
2026-01-03 12:48:12 | INFO | scraper | TWEET #96 | ❤️ 0 🔁 0 💬 0
2026-01-03 12:48:12 | INFO | scraper | TWEET #97 | ❤️ 0 🔁 0 💬 0
2026-01-03 12:48:12 | INFO | scraper | TWEET #98 | ❤️ 0 🔁 0 💬 0
2026-01-03 12:48:15 | INFO | scraper | TWEET #99 | ❤️ 0 🔁 0 💬 0
2026-01-03 12:48:15 | INFO | scraper | TWEET #100 | ❤️ 0 🔁 0 💬 0
2026-01-03 12:48:16 | INFO | scraper | TWEET #101 | ❤️ 0 🔁 0 💬 0
2026-01-03 12:48:16 | INFO | scraper | TWEET #102 | ❤️ 2 🔁 1 💬 0
2026-01-03 12:48:16 | INFO | scraper | TWEET #103 | ❤️ 0 🔁 0 💬 0
2026-01-03 12:48:16 | INFO | scraper | TWEET #104 | ❤️ 1 🔁 0 💬 0
2026-01-03 12:48:16 | INFO | scraper | TWEET #105 | ❤️ 0 🔁 0 💬 1
2026-01-03 12:48:16 | INFO | scraper | TWEET #106 | ❤️ 0 🔁 0 💬 0
2026-01-03 12:48:19 | INFO | scraper | TWEET #107 | ❤️ 0 🔁 0 💬 1
2026-01-03 12:48:19 | INFO | scraper | TWEET #108 | ❤️ 0 🔁 0 💬 0
2026-01-03 12:48:19 | INFO | scraper | TWEET #109 | ❤️ 5 🔁 0 💬 2
2026-01-03 12:48:19 | INFO | scraper | TWEET #110 | ❤️ 3 🔁 0 💬 0
2026-01-03 12:48:19 | INFO | scraper | TWEET #111 | ❤️ 0 🔁 0 💬 0
2026-01-03 12:48:19 | INFO | scraper | TWEET #112 | ❤️ 2 🔁 1 💬 0
2026-01-03 12:48:23 | INFO | scraper | TWEET #113 | ❤️ 0 🔁 0 💬 0
2026-01-03 12:48:23 | INFO | scraper | TWEET #114 | ❤️ 0 🔁 0 💬 0
2026-01-03 12:48:23 | INFO | scraper | TWEET #115 | ❤️ 0 🔁 0 💬 0
2026-01-03 12:48:23 | INFO | scraper | TWEET #116 | ❤️ 8 🔁 5 💬 1
2026-01-03 12:48:23 | INFO | scraper | TWEET #117 | ❤️ 0 🔁 0 💬 0
2026-01-03 12:48:23 | INFO | scraper | TWEET #118 | ❤️ 2 🔁 2 💬 0
2026-01-03 12:48:26 | INFO | scraper | TWEET #119 | ❤️ 0 🔁 0 💬 0
2026-01-03 12:48:26 | INFO | scraper | TWEET #120 | ❤️ 0 🔁 0 💬 0
2026-01-03 12:48:26 | INFO | scraper | TWEET #121 | ❤️ 0 🔁 0 💬 0
2026-01-03 12:48:28 | INFO | scraper | TWEET #122 | ❤️ 0 🔁 0 💬 0
2026-01-03 12:48:28 | INFO | scraper | TWEET #123 | ❤️ 0 🔁 0 💬 0
2026-01-03 12:48:29 | INFO | scraper | TWEET #124 | ❤️ 0 🔁 0 💬 0
2026-01-03 12:48:29 | INFO | scraper | TWEET #125 | ❤️ 0 🔁 0 💬 0
2026-01-03 12:48:29 | INFO | scraper | TWEET #126 | ❤️ 5 🔁 0 💬 0
2026-01-03 12:48:29 | INFO | scraper | TWEET #127 | ❤️ 0 🔁 0 💬 0
2026-01-03 12:48:29 | INFO | scraper | TWEET #128 | ❤️ 0 🔁 0 💬 0
2026-01-03 12:48:31 | INFO | scraper | TWEET #129 | ❤️ 0 🔁 0 💬 0
2026-01-03 12:48:31 | INFO | scraper | TWEET #130 | ❤️ 0 🔁 0 💬 0
2026-01-03 12:48:32 | INFO | scraper | TWEET #131 | ❤️ 1 🔁 1 💬 0
2026-01-03 12:48:32 | INFO | scraper | TWEET #132 | ❤️ 0 🔁 0 💬 0
2026-01-03 12:48:32 | INFO | scraper | TWEET #133 | ❤️ 0 🔁 0 💬 0
2026-01-03 12:48:32 | INFO | scraper | TWEET #134 | ❤️ 0 🔁 0 💬 0
2026-01-03 12:48:32 | INFO | scraper | TWEET #135 | ❤️ 1 🔁 2 💬 0
2026-01-03 12:48:32 | INFO | scraper | TWEET #136 | ❤️ 0 🔁 0 💬 0
2026-01-03 12:48:35 | INFO | scraper | No more tweets loading for #nifty50
2026-01-03 12:48:35 | INFO | scraper | Searching keyword: #sensex
2026-01-03 12:48:46 | INFO | scraper | TWEET #137 | ❤️ 0 🔁 0 💬 0
2026-01-03 12:48:46 | INFO | scraper | TWEET #138 | ❤️ 0 🔁 0 💬 0
2026-01-03 12:48:46 | INFO | scraper | TWEET #139 | ❤️ 0 🔁 0 💬 0
2026-01-03 12:48:48 | INFO | scraper | No more tweets loading for #sensex
2026-01-03 12:48:48 | INFO | scraper | Searching keyword: #banknifty
2026-01-03 12:49:00 | INFO | scraper | TWEET #140 | ❤️ 0 🔁 0 💬 0
2026-01-03 12:49:00 | INFO | scraper | TWEET #141 | ❤️ 16 🔁 3 💬 0
2026-01-03 12:49:00 | INFO | scraper | TWEET #142 | ❤️ 7 🔁 0 💬 2
2026-01-03 12:49:03 | INFO | scraper | No more tweets loading for #banknifty
2026-01-03 12:49:03 | INFO | scraper | Searching keyword: #intraday
2026-01-03 12:49:13 | INFO | scraper | TWEET #143 | ❤️ 2 🔁 1 💬 0
2026-01-03 12:49:13 | INFO | scraper | TWEET #144 | ❤️ 2 🔁 1 💬 0
2026-01-03 12:49:13 | INFO | scraper | TWEET #145 | ❤️ 1 🔁 0 💬 1
2026-01-03 12:49:13 | INFO | scraper | TWEET #146 | ❤️ 4 🔁 0 💬 0
2026-01-03 12:49:13 | INFO | scraper | TWEET #147 | ❤️ 54 🔁 2 💬 3
2026-01-03 12:49:13 | INFO | scraper | TWEET #148 | ❤️ 23 🔁 1 💬 0
2026-01-03 12:49:16 | INFO | scraper | No more tweets loading for #intraday
2026-01-03 12:49:18 | INFO | scraper | Scraping completed: 148 tweets
2026-01-03 12:49:18 | INFO | processing | Processing 148 raw tweets
2026-01-03 12:49:18 | INFO | processing | Deduplicated tweets: 148 → 148
2026-01-03 12:49:18 | INFO | analysis | Building TF-IDF vectors
2026-01-03 12:49:18 | INFO | analysis | Calculating sentiment signal
2026-01-03 12:49:18 | INFO | analysis | Signal generated: {'mean_signal': np.float64(0.17614344042754973), 'confidence': np.float64(1.1590675689573282), 'tweet_count': 148}
2026-01-03 12:49:18 | INFO | main | === MARKET SENTIMENT ===
2026-01-03 12:49:18 | INFO | main | mean_signal: 0.17614344042754973
2026-01-03 12:49:18 | INFO | main | confidence: 1.1590675689573282
2026-01-03 12:49:18 | INFO | main | tweet_count: 148
2026-01-03 12:49:18 | INFO | main | Saved tweets.parquet
2026-01-03 12:51:32 | INFO | main | Target tweets: 300
2026-01-03 12:51:33 | INFO | scraper | Chrome driver started
2026-01-03 12:51:59 | INFO | main | Target tweets: 300
2026-01-03 12:52:00 | INFO | scraper | Chrome driver started
2026-01-03 12:52:00 | INFO | scraper | Searching keyword: #nifty
2026-01-03 12:52:12 | INFO | scraper | TWEET #1 | ❤️ 0 🔁 0 💬 0
2026-01-03 12:52:12 | INFO | scraper | TWEET #2 | ❤️ 6 🔁 0 💬 2
2026-01-03 12:52:12 | INFO | scraper | TWEET #3 | ❤️ 6 🔁 0 💬 0
2026-01-03 12:52:12 | INFO | scraper | TWEET #4 | ❤️ 0 🔁 0 💬 0
2026-01-03 12:52:15 | INFO | scraper | No more tweets loading for #nifty
2026-01-03 12:52:15 | INFO | scraper | Searching keyword: #nifty50
2026-01-03 12:52:27 | INFO | scraper | TWEET #5 | ❤️ 0 🔁 0 💬 0
2026-01-03 12:52:27 | INFO | scraper | TWEET #6 | ❤️ 1 🔁 0 💬 0
2026-01-03 12:52:27 | INFO | scraper | TWEET #7 | ❤️ 1 🔁 0 💬 1
2026-01-03 12:52:29 | INFO | scraper | No more tweets loading for #nifty50
2026-01-03 12:52:29 | INFO | scraper | Searching keyword: #sensex
2026-01-03 12:52:42 | INFO | scraper | TWEET #8 | ❤️ 0 🔁 0 💬 0
2026-01-03 12:52:42 | INFO | scraper | TWEET #9 | ❤️ 0 🔁 0 💬 0
2026-01-03 12:52:44 | INFO | scraper | No more tweets loading for #sensex
2026-01-03 12:52:44 | INFO | scraper | Searching keyword: #banknifty
2026-01-03 12:52:56 | INFO | scraper | TWEET #10 | ❤️ 0 🔁 0 💬 0
2026-01-03 12:53:02 | INFO | scraper | TWEET #11 | ❤️ 4 🔁 1 💬 0
2026-01-03 12:53:02 | INFO | scraper | TWEET #12 | ❤️ 0 🔁 0 💬 0
2026-01-03 12:53:02 | INFO | scraper | TWEET #13 | ❤️ 27 🔁 1 💬 0
2026-01-03 12:53:02 | INFO | scraper | TWEET #14 | ❤️ 0 🔁 0 💬 0
2026-01-03 12:53:03 | INFO | scraper | TWEET #15 | ❤️ 0 🔁 0 💬 0
2026-01-03 12:53:03 | INFO | scraper | TWEET #16 | ❤️ 0 🔁 0 💬 0
2026-01-03 12:53:05 | INFO | scraper | TWEET #17 | ❤️ 0 🔁 0 💬 0
2026-01-03 12:53:05 | INFO | scraper | TWEET #18 | ❤️ 7 🔁 0 💬 0
2026-01-03 12:53:06 | INFO | scraper | TWEET #19 | ❤️ 0 🔁 0 💬 0
2026-01-03 12:53:06 | INFO | scraper | TWEET #20 | ❤️ 0 🔁 0 💬 0
2026-01-03 12:53:06 | INFO | scraper | TWEET #21 | ❤️ 0 🔁 0 💬 0
2026-01-03 12:53:06 | INFO | scraper | TWEET #22 | ❤️ 0 🔁 0 💬 1
2026-01-03 12:53:09 | INFO | scraper | TWEET #23 | ❤️ 0 🔁 0 💬 0
2026-01-03 12:53:09 | INFO | scraper | TWEET #24 | ❤️ 0 🔁 0 💬 0
2026-01-03 12:53:09 | INFO | scraper | TWEET #25 | ❤️ 0 🔁 0 💬 0
2026-01-03 12:53:09 | INFO | scraper | TWEET #26 | ❤️ 0 🔁 0 💬 0
2026-01-03 12:53:09 | INFO | scraper | TWEET #27 | ❤️ 0 🔁 0 💬 0
2026-01-03 12:53:09 | INFO | scraper | TWEET #28 | ❤️ 9 🔁 1 💬 0
2026-01-03 12:53:09 | INFO | scraper | TWEET #29 | ❤️ 0 🔁 0 💬 0
2026-01-03 12:53:09 | INFO | scraper | TWEET #30 | ❤️ 0 🔁 0 💬 0
2026-01-03 12:53:16 | INFO | scraper | TWEET #31 | ❤️ 11 🔁 1 💬 0
2026-01-03 12:53:19 | INFO | scraper | TWEET #32 | ❤️ 0 🔁 0 💬 0
2026-01-03 12:53:19 | INFO | scraper | TWEET #33 | ❤️ 1 🔁 0 💬 0
2026-01-03 12:53:19 | INFO | scraper | TWEET #34 | ❤️ 0 🔁 0 💬 0
2026-01-03 12:53:19 | INFO | scraper | TWEET #35 | ❤️ 1 🔁 0 💬 0
2026-01-03 12:53:19 | INFO | scraper | TWEET #36 | ❤️ 1 🔁 0 💬 0
2026-01-03 12:53:19 | INFO | scraper | TWEET #37 | ❤️ 0 🔁 0 💬 0
2026-01-03 12:53:22 | INFO | scraper | No more tweets loading for #banknifty
2026-01-03 12:53:22 | INFO | scraper | Searching keyword: #finnifty
2026-01-03 12:53:33 | INFO | scraper | TWEET #38 | ❤️ 1 🔁 0 💬 0
2026-01-03 12:53:33 | INFO | scraper | TWEET #39 | ❤️ 0 🔁 0 💬 0
2026-01-03 12:53:36 | INFO | scraper | No more tweets loading for #finnifty
2026-01-03 12:53:36 | INFO | scraper | Searching keyword: #midcap
2026-01-03 12:53:48 | INFO | scraper | TWEET #40 | ❤️ 0 🔁 0 💬 0
2026-01-03 12:53:48 | INFO | scraper | TWEET #41 | ❤️ 17 🔁 1 💬 2
2026-01-03 12:53:48 | INFO | scraper | TWEET #42 | ❤️ 0 🔁 2 💬 0
2026-01-03 12:53:51 | INFO | scraper | No more tweets loading for #midcap
2026-01-03 12:53:51 | INFO | scraper | Searching keyword: #smallcap
2026-01-03 12:54:03 | INFO | scraper | TWEET #43 | ❤️ 29 🔁 2 💬 12
2026-01-03 12:54:03 | INFO | scraper | TWEET #44 | ❤️ 2 🔁 1 💬 0
2026-01-03 12:54:06 | INFO | scraper | No more tweets loading for #smallcap
2026-01-03 12:54:09 | INFO | scraper | Scraping completed: 44 tweets
2026-01-03 12:54:09 | INFO | processing | Processing 44 raw tweets
2026-01-03 12:54:09 | INFO | processing | Deduplicated tweets: 44 → 44
2026-01-03 12:54:09 | INFO | analysis | Building TF-IDF vectors
2026-01-03 12:54:09 | INFO | analysis | Calculating sentiment signal
2026-01-03 12:54:09 | INFO | analysis | Signal generated: {'mean_signal': np.float64(0.16926707454654336), 'confidence': np.float64(0.554811152936475), 'tweet_count': 44}
2026-01-03 12:54:09 | INFO | main | === MARKET SENTIMENT ===
2026-01-03 12:54:09 | INFO | main | mean_signal: 0.16926707454654336
2026-01-03 12:54:09 | INFO | main | confidence: 0.554811152936475
2026-01-03 12:54:09 | INFO | main | tweet_count: 44
2026-01-03 12:54:09 | INFO | main | Saved tweets.parquet
2026-01-03 12:54:39 | INFO | main | Target tweets: 450
2026-01-03 12:54:40 | INFO | scraper | Chrome driver started
2026-01-03 12:54:40 | INFO | scraper | Searching keyword: #nifty
2026-01-03 12:54:51 | INFO | scraper | TWEET #1 | ❤️ 0 🔁 0 💬 0
2026-01-03 12:54:51 | INFO | scraper | TWEET #2 | ❤️ 21 🔁 1 💬 0
2026-01-03 12:54:51 | INFO | scraper | TWEET #3 | ❤️ 7 🔁 0 💬 2
2026-01-03 12:54:54 | INFO | scraper | No more tweets loading for #nifty
2026-01-03 12:54:54 | INFO | scraper | Searching keyword: #nifty50
2026-01-03 12:55:05 | INFO | scraper | TWEET #4 | ❤️ 1 🔁 0 💬 0
2026-01-03 12:55:05 | INFO | scraper | TWEET #5 | ❤️ 30 🔁 2 💬 12
2026-01-03 12:55:05 | INFO | scraper | TWEET #6 | ❤️ 0 🔁 0 💬 0
2026-01-03 12:55:06 | INFO | scraper | TWEET #7 | ❤️ 16 🔁 1 💬 0
2026-01-03 12:55:06 | INFO | scraper | TWEET #8 | ❤️ 0 🔁 0 💬 1
2026-01-03 12:55:09 | INFO | scraper | TWEET #9 | ❤️ 0 🔁 0 💬 0
2026-01-03 12:55:09 | INFO | scraper | TWEET #10 | ❤️ 1 🔁 0 💬 0
2026-01-03 12:55:09 | INFO | scraper | TWEET #11 | ❤️ 4 🔁 1 💬 0
2026-01-03 12:55:09 | INFO | scraper | TWEET #12 | ❤️ 0 🔁 0 💬 0
2026-01-03 12:55:09 | INFO | scraper | TWEET #13 | ❤️ 0 🔁 0 💬 0
2026-01-03 12:55:09 | INFO | scraper | TWEET #14 | ❤️ 0 🔁 0 💬 0
2026-01-03 12:55:09 | INFO | scraper | TWEET #15 | ❤️ 2 🔁 0 💬 1
2026-01-03 12:55:12 | INFO | scraper | TWEET #16 | ❤️ 0 🔁 0 💬 0
2026-01-03 12:55:12 | INFO | scraper | TWEET #17 | ❤️ 0 🔁 0 💬 0
2026-01-03 12:55:12 | INFO | scraper | TWEET #18 | ❤️ 0 🔁 0 💬 0
2026-01-03 12:55:12 | INFO | scraper | TWEET #19 | ❤️ 0 🔁 0 💬 0
2026-01-03 12:55:13 | INFO | scraper | TWEET #20 | ❤️ 0 🔁 0 💬 0
2026-01-03 12:55:13 | INFO | scraper | TWEET #21 | ❤️ 0 🔁 0 💬 0
2026-01-03 12:55:13 | INFO | scraper | TWEET #22 | ❤️ 0 🔁 0 💬 0
2026-01-03 12:55:16 | INFO | scraper | TWEET #23 | ❤️ 0 🔁 0 💬 0
2026-01-03 12:55:16 | INFO | scraper | TWEET #24 | ❤️ 0 🔁 0 💬 0
2026-01-03 12:55:16 | INFO | scraper | TWEET #25 | ❤️ 1 🔁 1 💬 0
2026-01-03 12:55:16 | INFO | scraper | TWEET #26 | ❤️ 2 🔁 0 💬 0
2026-01-03 12:55:16 | INFO | scraper | TWEET #27 | ❤️ 0 🔁 0 💬 0
2026-01-03 12:55:19 | INFO | scraper | TWEET #28 | ❤️ 0 🔁 0 💬 0
2026-01-03 12:55:19 | INFO | scraper | TWEET #29 | ❤️ 0 🔁 0 💬 0
2026-01-03 12:55:19 | INFO | scraper | TWEET #30 | ❤️ 0 🔁 0 💬 0
2026-01-03 12:55:21 | INFO | scraper | No more tweets loading for #nifty50
2026-01-03 12:55:21 | INFO | scraper | Searching keyword: #sensex
2026-01-03 12:55:33 | INFO | scraper | TWEET #31 | ❤️ 0 🔁 0 💬 0
2026-01-03 12:55:33 | INFO | scraper | TWEET #32 | ❤️ 0 🔁 0 💬 0
2026-01-03 12:55:33 | INFO | scraper | TWEET #33 | ❤️ 0 🔁 0 💬 0
2026-01-03 12:55:36 | INFO | scraper | TWEET #34 | ❤️ 1 🔁 0 💬 0
2026-01-03 12:55:36 | INFO | scraper | TWEET #35 | ❤️ 27 🔁 2 💬 3
2026-01-03 12:55:36 | INFO | scraper | TWEET #36 | ❤️ 0 🔁 0 💬 0
2026-01-03 12:55:36 | INFO | scraper | TWEET #37 | ❤️ 0 🔁 0 💬 0
2026-01-03 12:55:36 | INFO | scraper | TWEET #38 | ❤️ 1 🔁 0 💬 0
2026-01-03 12:55:39 | INFO | scraper | No more tweets loading for #sensex
2026-01-03 12:55:39 | INFO | scraper | Searching keyword: #banknifty
2026-01-03 12:57:01 | INFO | main | Target tweets: 450
2026-01-03 12:57:03 | INFO | scraper | Chrome driver started
2026-01-03 12:57:03 | INFO | scraper | Searching keyword: #nifty
2026-01-03 12:58:39 | INFO | main | Target tweets: 450
2026-01-03 12:58:41 | INFO | scraper | Chrome driver started
2026-01-03 12:58:41 | INFO | scraper | Searching keyword: #nifty
2026-01-03 13:00:44 | INFO | main | Target tweets: 450
2026-01-03 13:00:45 | INFO | scraper | Chrome driver started
2026-01-03 13:00:45 | INFO | scraper | Searching keyword: #nifty
2026-01-03 13:02:41 | INFO | main | Target tweets: 450
2026-01-03 13:02:42 | INFO | scraper | Chrome driver started
2026-01-03 13:02:42 | INFO | scraper | Searching keyword: #nifty
2026-01-03 13:02:53 | INFO | scraper | TWEET #1 | ❤️ 9 🔁 0 💬 2
2026-01-03 13:02:53 | INFO | scraper | TWEET #2 | ❤️ 0 🔁 0 💬 0
2026-01-03 13:02:53 | INFO | scraper | TWEET #3 | ❤️ 0 🔁 0 💬 0
2026-01-03 13:02:53 | INFO | scraper | TWEET #4 | ❤️ 1 🔁 1 💬 0
2026-01-03 13:02:53 | INFO | scraper | TWEET #5 | ❤️ 0 🔁 0 💬 0
2026-01-03 13:02:53 | INFO | scraper | TWEET #6 | ❤️ 0 🔁 0 💬 0
2026-01-03 13:02:57 | INFO | scraper | TWEET #7 | ❤️ 22 🔁 1 💬 0
2026-01-03 13:02:57 | INFO | scraper | TWEET #8 | ❤️ 7 🔁 0 💬 2
2026-01-03 13:03:00 | INFO | scraper | TWEET #9 | ❤️ 0 🔁 0 💬 1
2026-01-03 13:03:00 | INFO | scraper | TWEET #10 | ❤️ 0 🔁 0 💬 1
2026-01-03 13:03:00 | INFO | scraper | TWEET #11 | ❤️ 0 🔁 0 💬 1
2026-01-03 13:03:00 | INFO | scraper | TWEET #12 | ❤️ 0 🔁 0 💬 0
2026-01-03 13:03:00 | INFO | scraper | TWEET #13 | ❤️ 0 🔁 0 💬 0
2026-01-03 13:03:01 | INFO | scraper | TWEET #14 | ❤️ 0 🔁 0 💬 0
2026-01-03 13:03:03 | INFO | scraper | TWEET #15 | ❤️ 0 🔁 0 💬 0
2026-01-03 13:03:03 | INFO | scraper | TWEET #16 | ❤️ 14 🔁 2 💬 1
2026-01-03 13:03:03 | INFO | scraper | TWEET #17 | ❤️ 1 🔁 0 💬 0
2026-01-03 13:03:03 | INFO | scraper | TWEET #18 | ❤️ 1 🔁 0 💬 2
2026-01-03 13:03:03 | INFO | scraper | TWEET #19 | ❤️ 1 🔁 0 💬 0
2026-01-03 13:03:04 | INFO | scraper | TWEET #20 | ❤️ 0 🔁 0 💬 0
2026-01-03 13:03:04 | INFO | scraper | TWEET #21 | ❤️ 0 🔁 0 💬 1
2026-01-03 13:03:07 | INFO | scraper | TWEET #22 | ❤️ 0 🔁 0 💬 0
2026-01-03 13:03:13 | INFO | scraper | TWEET #23 | ❤️ 1 🔁 0 💬 1
2026-01-03 13:03:13 | INFO | scraper | TWEET #24 | ❤️ 22 🔁 2 💬 2
2026-01-03 13:03:14 | INFO | scraper | TWEET #25 | ❤️ 1 🔁 0 💬 0
2026-01-03 13:03:14 | INFO | scraper | TWEET #26 | ❤️ 0 🔁 0 💬 0
2026-01-03 13:03:14 | INFO | scraper | TWEET #27 | ❤️ 0 🔁 0 💬 0
2026-01-03 13:03:14 | INFO | scraper | TWEET #28 | ❤️ 0 🔁 0 💬 0
2026-01-03 13:03:17 | INFO | scraper | TWEET #29 | ❤️ 1 🔁 0 💬 0
2026-01-03 13:03:17 | INFO | scraper | TWEET #30 | ❤️ 0 🔁 0 💬 0
2026-01-03 13:03:17 | INFO | scraper | TWEET #31 | ❤️ 1 🔁 1 💬 0
2026-01-03 13:03:17 | INFO | scraper | TWEET #32 | ❤️ 8 🔁 0 💬 0
2026-01-03 13:03:20 | INFO | scraper | TWEET #33 | ❤️ 24 🔁 0 💬 1
2026-01-03 13:03:20 | INFO | scraper | TWEET #34 | ❤️ 12 🔁 0 💬 1
2026-01-03 13:03:20 | INFO | scraper | TWEET #35 | ❤️ 19 🔁 2 💬 0
2026-01-03 13:03:20 | INFO | scraper | TWEET #36 | ❤️ 16 🔁 0 💬 0
2026-01-03 13:03:20 | INFO | scraper | TWEET #37 | ❤️ 15 🔁 0 💬 0
2026-01-03 13:03:21 | INFO | scraper | TWEET #38 | ❤️ 11 🔁 1 💬 0
2026-01-03 13:03:21 | INFO | scraper | TWEET #39 | ❤️ 10 🔁 1 💬 4
2026-01-03 13:03:21 | INFO | scraper | TWEET #40 | ❤️ 0 🔁 0 💬 0
2026-01-03 13:03:21 | INFO | scraper | TWEET #41 | ❤️ 0 🔁 0 💬 0
2026-01-03 13:03:21 | INFO | scraper | TWEET #42 | ❤️ 1 🔁 0 💬 0
2026-01-03 13:03:21 | INFO | scraper | TWEET #43 | ❤️ 2 🔁 1 💬 0
2026-01-03 13:03:24 | INFO | scraper | TWEET #44 | ❤️ 0 🔁 0 💬 0
2026-01-03 13:03:24 | INFO | scraper | TWEET #45 | ❤️ 0 🔁 0 💬 0
2026-01-03 13:03:24 | INFO | scraper | TWEET #46 | ❤️ 0 🔁 0 💬 0
2026-01-03 13:03:24 | INFO | scraper | TWEET #47 | ❤️ 0 🔁 0 💬 0
2026-01-03 13:03:24 | INFO | scraper | TWEET #48 | ❤️ 0 🔁 0 💬 0
2026-01-03 13:03:24 | INFO | scraper | TWEET #49 | ❤️ 0 🔁 0 💬 0
2026-01-03 13:03:27 | INFO | scraper | TWEET #50 | ❤️ 3 🔁 0 💬 1
2026-01-03 13:03:27 | INFO | scraper | TWEET #51 | ❤️ 6 🔁 0 💬 0
2026-01-03 13:03:27 | INFO | scraper | TWEET #52 | ❤️ 0 🔁 1 💬 0
2026-01-03 13:03:27 | INFO | scraper | TWEET #53 | ❤️ 6 🔁 0 💬 0
2026-01-03 13:03:28 | INFO | scraper | TWEET #54 | ❤️ 51 🔁 2 💬 3
2026-01-03 13:03:28 | INFO | scraper | TWEET #55 | ❤️ 0 🔁 0 💬 0
2026-01-03 13:03:30 | INFO | scraper | TWEET #56 | ❤️ 0 🔁 0 💬 0
2026-01-03 13:03:31 | INFO | scraper | TWEET #57 | ❤️ 0 🔁 0 💬 0
2026-01-03 13:03:31 | INFO | scraper | TWEET #58 | ❤️ 1 🔁 0 💬 0
2026-01-03 13:03:34 | INFO | scraper | TWEET #59 | ❤️ 0 🔁 0 💬 0
2026-01-03 13:03:34 | INFO | scraper | TWEET #60 | ❤️ 0 🔁 0 💬 0
2026-01-03 13:03:34 | INFO | scraper | TWEET #61 | ❤️ 0 🔁 0 💬 0
2026-01-03 13:03:34 | INFO | scraper | TWEET #62 | ❤️ 1 🔁 0 💬 0
2026-01-03 13:03:34 | INFO | scraper | TWEET #63 | ❤️ 0 🔁 0 💬 0
2026-01-03 13:03:34 | INFO | scraper | TWEET #64 | ❤️ 0 🔁 0 💬 0
2026-01-03 13:03:34 | INFO | scraper | TWEET #65 | ❤️ 0 🔁 0 💬 0
2026-01-03 13:03:37 | INFO | scraper | TWEET #66 | ❤️ 1 🔁 0 💬 0
2026-01-03 13:03:37 | INFO | scraper | TWEET #67 | ❤️ 7 🔁 0 💬 0
2026-01-03 13:03:38 | INFO | scraper | TWEET #68 | ❤️ 3 🔁 0 💬 0
2026-01-03 13:03:38 | INFO | scraper | TWEET #69 | ❤️ 0 🔁 0 💬 0
2026-01-03 13:03:38 | INFO | scraper | TWEET #70 | ❤️ 0 🔁 0 💬 0
2026-01-03 13:03:38 | INFO | scraper | TWEET #71 | ❤️ 0 🔁 0 💬 0
2026-01-03 13:03:38 | INFO | scraper | TWEET #72 | ❤️ 0 🔁 0 💬 0
2026-01-03 13:03:38 | INFO | scraper | TWEET #73 | ❤️ 0 🔁 0 💬 0
2026-01-03 13:03:41 | INFO | scraper | TWEET #74 | ❤️ 1 🔁 0 💬 0
2026-01-03 13:03:41 | INFO | scraper | TWEET #75 | ❤️ 0 🔁 0 💬 0
2026-01-03 13:03:41 | INFO | scraper | TWEET #76 | ❤️ 0 🔁 0 💬 0
2026-01-03 13:03:42 | INFO | scraper | TWEET #77 | ❤️ 0 🔁 0 💬 0
2026-01-03 13:03:42 | INFO | scraper | TWEET #78 | ❤️ 0 🔁 0 💬 0
2026-01-03 13:03:42 | INFO | scraper | TWEET #79 | ❤️ 0 🔁 0 💬 0
2026-01-03 13:03:45 | INFO | scraper | TWEET #80 | ❤️ 1 🔁 0 💬 0
2026-01-03 13:03:45 | INFO | scraper | TWEET #81 | ❤️ 0 🔁 0 💬 0
2026-01-03 13:03:45 | INFO | scraper | TWEET #82 | ❤️ 0 🔁 0 💬 0
2026-01-03 13:03:46 | INFO | scraper | TWEET #83 | ❤️ 0 🔁 0 💬 0
2026-01-03 13:03:46 | INFO | scraper | TWEET #84 | ❤️ 0 🔁 0 💬 1
2026-01-03 13:03:48 | INFO | scraper | TWEET #85 | ❤️ 0 🔁 0 💬 1
2026-01-03 13:03:49 | INFO | scraper | TWEET #86 | ❤️ 69 🔁 65 💬 0
2026-01-03 13:03:49 | INFO | scraper | TWEET #87 | ❤️ 0 🔁 0 💬 0
2026-01-03 13:03:49 | INFO | scraper | TWEET #88 | ❤️ 0 🔁 0 💬 0
2026-01-03 13:03:49 | INFO | scraper | TWEET #89 | ❤️ 0 🔁 0 💬 0
2026-01-03 13:03:52 | INFO | scraper | TWEET #90 | ❤️ 0 🔁 0 💬 0
2026-01-03 13:03:52 | INFO | scraper | TWEET #91 | ❤️ 2 🔁 0 💬 0
2026-01-03 13:03:52 | INFO | scraper | TWEET #92 | ❤️ 0 🔁 0 💬 0
2026-01-03 13:03:52 | INFO | scraper | TWEET #93 | ❤️ 8 🔁 1 💬 1
2026-01-03 13:03:52 | INFO | scraper | TWEET #94 | ❤️ 1 🔁 0 💬 1
2026-01-03 13:03:55 | INFO | scraper | TWEET #95 | ❤️ 0 🔁 0 💬 0
2026-01-03 13:03:56 | INFO | scraper | TWEET #96 | ❤️ 0 🔁 0 💬 0
2026-01-03 13:03:56 | INFO | scraper | TWEET #97 | ❤️ 0 🔁 0 💬 0
2026-01-03 13:03:56 | INFO | scraper | TWEET #98 | ❤️ 0 🔁 0 💬 0
2026-01-03 13:03:56 | INFO | scraper | TWEET #99 | ❤️ 2 🔁 1 💬 0
2026-01-03 13:03:56 | INFO | scraper | TWEET #100 | ❤️ 0 🔁 0 💬 0
2026-01-03 13:03:56 | INFO | scraper | TWEET #101 | ❤️ 2 🔁 0 💬 0
2026-01-03 13:03:59 | INFO | scraper | TWEET #102 | ❤️ 0 🔁 0 💬 0
2026-01-03 13:03:59 | INFO | scraper | TWEET #103 | ❤️ 51 🔁 0 💬 11
2026-01-03 13:03:59 | INFO | scraper | TWEET #104 | ❤️ 15 🔁 1 💬 1
2026-01-03 13:03:59 | INFO | scraper | TWEET #105 | ❤️ 0 🔁 0 💬 0
2026-01-03 13:03:59 | INFO | scraper | TWEET #106 | ❤️ 2 🔁 0 💬 0
2026-01-03 13:04:00 | INFO | scraper | TWEET #107 | ❤️ 4 🔁 1 💬 0
2026-01-03 13:04:00 | INFO | scraper | TWEET #108 | ❤️ 0 🔁 0 💬 0
2026-01-03 13:04:03 | INFO | scraper | TWEET #109 | ❤️ 1 🔁 0 💬 0
2026-01-03 13:04:03 | INFO | scraper | TWEET #110 | ❤️ 1 🔁 0 💬 0
2026-01-03 13:04:03 | INFO | scraper | TWEET #111 | ❤️ 1 🔁 0 💬 0
2026-01-03 13:04:03 | INFO | scraper | TWEET #112 | ❤️ 0 🔁 0 💬 0
2026-01-03 13:04:06 | INFO | scraper | TWEET #113 | ❤️ 0 🔁 0 💬 0
2026-01-03 13:04:06 | INFO | scraper | TWEET #114 | ❤️ 1 🔁 0 💬 0
2026-01-03 13:04:07 | INFO | scraper | TWEET #115 | ❤️ 0 🔁 1 💬 0
2026-01-03 13:04:07 | INFO | scraper | TWEET #116 | ❤️ 0 🔁 0 💬 0
2026-01-03 13:04:07 | INFO | scraper | TWEET #117 | ❤️ 0 🔁 1 💬 0
2026-01-03 13:04:07 | INFO | scraper | TWEET #118 | ❤️ 0 🔁 0 💬 0
2026-01-03 13:04:10 | INFO | scraper | TWEET #119 | ❤️ 0 🔁 0 💬 0
2026-01-03 13:04:10 | INFO | scraper | TWEET #120 | ❤️ 0 🔁 0 💬 0
2026-01-03 13:04:11 | INFO | scraper | TWEET #121 | ❤️ 0 🔁 0 💬 0
2026-01-03 13:04:19 | INFO | scraper | TWEET #122 | ❤️ 11 🔁 1 💬 0
2026-01-03 13:04:19 | INFO | scraper | TWEET #123 | ❤️ 6 🔁 0 💬 1
2026-01-03 13:04:20 | INFO | scraper | TWEET #124 | ❤️ 1 🔁 0 💬 0
2026-01-03 13:04:20 | INFO | scraper | TWEET #125 | ❤️ 32 🔁 1 💬 9
2026-01-03 13:04:20 | INFO | scraper | TWEET #126 | ❤️ 0 🔁 0 💬 0
2026-01-03 13:04:20 | INFO | scraper | TWEET #127 | ❤️ 1 🔁 0 💬 0
2026-01-03 13:04:20 | INFO | scraper | TWEET #128 | ❤️ 16 🔁 2 💬 1
2026-01-03 13:04:20 | INFO | scraper | TWEET #129 | ❤️ 0 🔁 0 💬 0
2026-01-03 13:04:20 | INFO | scraper | TWEET #130 | ❤️ 0 🔁 0 💬 0
2026-01-03 13:04:20 | INFO | scraper | TWEET #131 | ❤️ 56 🔁 5 💬 2
2026-01-03 13:04:23 | INFO | scraper | TWEET #132 | ❤️ 0 🔁 0 💬 0
2026-01-03 13:04:23 | INFO | scraper | TWEET #133 | ❤️ 6 🔁 2 💬 0
2026-01-03 13:04:23 | INFO | scraper | TWEET #134 | ❤️ 0 🔁 0 💬 0
2026-01-03 13:04:23 | INFO | scraper | TWEET #135 | ❤️ 1 🔁 1 💬 0
2026-01-03 13:04:23 | INFO | scraper | TWEET #136 | ❤️ 0 🔁 0 💬 0
2026-01-03 13:04:26 | INFO | scraper | TWEET #137 | ❤️ 0 🔁 0 💬 0
2026-01-03 13:04:26 | INFO | scraper | TWEET #138 | ❤️ 141 🔁 6 💬 12
2026-01-03 13:04:26 | INFO | scraper | TWEET #139 | ❤️ 0 🔁 0 💬 0
2026-01-03 13:04:26 | INFO | scraper | TWEET #140 | ❤️ 4 🔁 2 💬 0
2026-01-03 13:04:28 | INFO | scraper | TWEET #141 | ❤️ 4 🔁 0 💬 0
2026-01-03 13:04:29 | INFO | scraper | TWEET #142 | ❤️ 0 🔁 0 💬 1
2026-01-03 13:04:29 | INFO | scraper | TWEET #143 | ❤️ 1 🔁 0 💬 0
2026-01-03 13:04:29 | INFO | scraper | TWEET #144 | ❤️ 0 🔁 0 💬 0
2026-01-03 13:04:29 | INFO | scraper | TWEET #145 | ❤️ 0 🔁 0 💬 0
2026-01-03 13:04:29 | INFO | scraper | TWEET #146 | ❤️ 0 🔁 0 💬 0
2026-01-03 13:04:29 | INFO | scraper | TWEET #147 | ❤️ 4 🔁 0 💬 0
2026-01-03 13:04:32 | INFO | scraper | TWEET #148 | ❤️ 0 🔁 0 💬 0
2026-01-03 13:04:32 | INFO | scraper | TWEET #149 | ❤️ 0 🔁 0 💬 0
2026-01-03 13:04:32 | INFO | scraper | TWEET #150 | ❤️ 0 🔁 0 💬 0
2026-01-03 13:04:32 | INFO | scraper | TWEET #151 | ❤️ 1 🔁 0 💬 0
2026-01-03 13:04:32 | INFO | scraper | TWEET #152 | ❤️ 9 🔁 0 💬 2
2026-01-03 13:04:33 | INFO | scraper | TWEET #153 | ❤️ 1 🔁 2 💬 2
2026-01-03 13:04:35 | INFO | scraper | TWEET #154 | ❤️ 0 🔁 0 💬 1
2026-01-03 13:04:36 | INFO | scraper | TWEET #155 | ❤️ 1 🔁 0 💬 0
2026-01-03 13:04:36 | INFO | scraper | TWEET #156 | ❤️ 0 🔁 0 💬 0
2026-01-03 13:04:36 | INFO | scraper | TWEET #157 | ❤️ 1 🔁 0 💬 0
2026-01-03 13:04:36 | INFO | scraper | TWEET #158 | ❤️ 0 🔁 0 💬 0
2026-01-03 13:04:39 | INFO | scraper | TWEET #159 | ❤️ 0 🔁 0 💬 0
2026-01-03 13:04:39 | INFO | scraper | TWEET #160 | ❤️ 3 🔁 1 💬 0
2026-01-03 13:04:39 | INFO | scraper | TWEET #161 | ❤️ 10 🔁 1 💬 0
2026-01-03 13:04:42 | INFO | scraper | TWEET #162 | ❤️ 0 🔁 0 💬 0
2026-01-03 13:04:42 | INFO | scraper | TWEET #163 | ❤️ 0 🔁 0 💬 0
2026-01-03 13:04:42 | INFO | scraper | TWEET #164 | ❤️ 0 🔁 0 💬 0
2026-01-03 13:04:42 | INFO | scraper | TWEET #165 | ❤️ 0 🔁 0 💬 0
2026-01-03 13:04:42 | INFO | scraper | TWEET #166 | ❤️ 0 🔁 0 💬 0
2026-01-03 13:04:45 | INFO | scraper | TWEET #167 | ❤️ 1 🔁 1 💬 0
2026-01-03 13:04:45 | INFO | scraper | TWEET #168 | ❤️ 0 🔁 0 💬 0
2026-01-03 13:04:46 | INFO | scraper | TWEET #169 | ❤️ 2 🔁 0 💬 0
2026-01-03 13:04:46 | INFO | scraper | TWEET #170 | ❤️ 0 🔁 0 💬 0
2026-01-03 13:04:46 | INFO | scraper | TWEET #171 | ❤️ 2 🔁 0 💬 0
2026-01-03 13:04:49 | INFO | scraper | TWEET #172 | ❤️ 0 🔁 0 💬 0
2026-01-03 13:04:49 | INFO | scraper | TWEET #173 | ❤️ 0 🔁 0 💬 0
2026-01-03 13:04:49 | INFO | scraper | TWEET #174 | ❤️ 0 🔁 0 💬 0
2026-01-03 13:04:52 | INFO | scraper | TWEET #175 | ❤️ 0 🔁 0 💬 0
2026-01-03 13:04:52 | INFO | scraper | TWEET #176 | ❤️ 0 🔁 0 💬 0
2026-01-03 13:04:52 | INFO | scraper | TWEET #177 | ❤️ 0 🔁 0 💬 0
2026-01-03 13:04:52 | INFO | scraper | TWEET #178 | ❤️ 0 🔁 0 💬 0
2026-01-03 13:04:52 | INFO | scraper | TWEET #179 | ❤️ 12 🔁 5 💬 0
2026-01-03 13:04:53 | INFO | scraper | TWEET #180 | ❤️ 10 🔁 4 💬 0
2026-01-03 13:04:55 | INFO | scraper | TWEET #181 | ❤️ 13 🔁 5 💬 1
2026-01-03 13:04:55 | INFO | scraper | TWEET #182 | ❤️ 0 🔁 0 💬 0
2026-01-03 13:04:55 | INFO | scraper | TWEET #183 | ❤️ 42 🔁 0 💬 0
2026-01-03 13:04:58 | INFO | scraper | TWEET #184 | ❤️ 0 🔁 0 💬 0
2026-01-03 13:04:58 | INFO | scraper | TWEET #185 | ❤️ 0 🔁 0 💬 0
2026-01-03 13:04:58 | INFO | scraper | TWEET #186 | ❤️ 0 🔁 0 💬 0
2026-01-03 13:04:59 | INFO | scraper | TWEET #187 | ❤️ 0 🔁 0 💬 0
2026-01-03 13:04:59 | INFO | scraper | TWEET #188 | ❤️ 1 🔁 0 💬 0
2026-01-03 13:04:59 | INFO | scraper | TWEET #189 | ❤️ 1 🔁 0 💬 0
2026-01-03 13:04:59 | INFO | scraper | TWEET #190 | ❤️ 0 🔁 0 💬 0
2026-01-03 13:05:01 | INFO | scraper | TWEET #191 | ❤️ 1 🔁 0 💬 0
2026-01-03 13:05:02 | INFO | scraper | TWEET #192 | ❤️ 16 🔁 1 💬 0
2026-01-03 13:05:02 | INFO | scraper | TWEET #193 | ❤️ 1 🔁 0 💬 0
2026-01-03 13:05:02 | INFO | scraper | TWEET #194 | ❤️ 14 🔁 6 💬 7
2026-01-03 13:05:02 | INFO | scraper | TWEET #195 | ❤️ 1 🔁 0 💬 0
2026-01-03 13:05:02 | INFO | scraper | TWEET #196 | ❤️ 0 🔁 0 💬 1
2026-01-03 13:05:02 | INFO | scraper | TWEET #197 | ❤️ 0 🔁 0 💬 1
2026-01-03 13:05:05 | INFO | scraper | TWEET #198 | ❤️ 0 🔁 0 💬 0
2026-01-03 13:05:05 | INFO | scraper | TWEET #199 | ❤️ 4 🔁 1 💬 0
2026-01-03 13:05:05 | INFO | scraper | TWEET #200 | ❤️ 58 🔁 1 💬 4
2026-01-03 13:05:08 | INFO | scraper | TWEET #201 | ❤️ 0 🔁 0 💬 0
2026-01-03 13:05:08 | INFO | scraper | TWEET #202 | ❤️ 29 🔁 7 💬 0
2026-01-03 13:05:08 | INFO | scraper | TWEET #203 | ❤️ 178 🔁 12 💬 15
2026-01-03 13:05:08 | INFO | scraper | TWEET #204 | ❤️ 0 🔁 0 💬 0
2026-01-03 13:05:08 | INFO | scraper | TWEET #205 | ❤️ 1 🔁 0 💬 0
2026-01-03 13:05:09 | INFO | scraper | TWEET #206 | ❤️ 0 🔁 0 💬 0
2026-01-03 13:05:09 | INFO | scraper | TWEET #207 | ❤️ 1 🔁 0 💬 0
2026-01-03 13:05:09 | INFO | scraper | TWEET #208 | ❤️ 0 🔁 0 💬 0
2026-01-03 13:05:12 | INFO | scraper | TWEET #209 | ❤️ 9 🔁 0 💬 0
2026-01-03 13:05:12 | INFO | scraper | TWEET #210 | ❤️ 0 🔁 0 💬 0
2026-01-03 13:05:12 | INFO | scraper | TWEET #211 | ❤️ 0 🔁 2 💬 0
2026-01-03 13:05:12 | INFO | scraper | TWEET #212 | ❤️ 0 🔁 0 💬 0
2026-01-03 13:05:13 | INFO | scraper | TWEET #213 | ❤️ 0 🔁 0 💬 0
2026-01-03 13:05:15 | INFO | scraper | TWEET #214 | ❤️ 0 🔁 0 💬 0
2026-01-03 13:05:15 | INFO | scraper | TWEET #215 | ❤️ 0 🔁 0 💬 0
2026-01-03 13:05:15 | INFO | scraper | TWEET #216 | ❤️ 0 🔁 0 💬 0
2026-01-03 13:05:15 | INFO | scraper | TWEET #217 | ❤️ 2 🔁 0 💬 1
2026-01-03 13:05:15 | INFO | scraper | TWEET #218 | ❤️ 0 🔁 0 💬 0
2026-01-03 13:05:15 | INFO | scraper | TWEET #219 | ❤️ 2 🔁 0 💬 0
2026-01-03 13:05:15 | INFO | scraper | TWEET #220 | ❤️ 0 🔁 0 💬 0
2026-01-03 13:05:18 | INFO | scraper | TWEET #221 | ❤️ 1 🔁 0 💬 0
2026-01-03 13:05:19 | INFO | scraper | TWEET #222 | ❤️ 11 🔁 2 💬 0
2026-01-03 13:05:19 | INFO | scraper | TWEET #223 | ❤️ 1 🔁 0 💬 2
2026-01-03 13:05:19 | INFO | scraper | TWEET #224 | ❤️ 1 🔁 0 💬 0
2026-01-03 13:05:19 | INFO | scraper | TWEET #225 | ❤️ 6 🔁 0 💬 0
2026-01-03 13:05:21 | INFO | scraper | TWEET #226 | ❤️ 0 🔁 0 💬 1
2026-01-03 13:05:22 | INFO | scraper | TWEET #227 | ❤️ 0 🔁 0 💬 1
2026-01-03 13:05:22 | INFO | scraper | TWEET #228 | ❤️ 0 🔁 0 💬 1
2026-01-03 13:05:22 | INFO | scraper | TWEET #229 | ❤️ 0 🔁 0 💬 1
2026-01-03 13:05:22 | INFO | scraper | TWEET #230 | ❤️ 0 🔁 0 💬 0
2026-01-03 13:05:22 | INFO | scraper | TWEET #231 | ❤️ 0 🔁 0 💬 0
2026-01-03 13:05:22 | INFO | scraper | TWEET #232 | ❤️ 0 🔁 0 💬 0
2026-01-03 13:05:25 | INFO | scraper | TWEET #233 | ❤️ 2 🔁 0 💬 0
2026-01-03 13:05:25 | INFO | scraper | TWEET #234 | ❤️ 0 🔁 0 💬 0
2026-01-03 13:05:25 | INFO | scraper | TWEET #235 | ❤️ 0 🔁 0 💬 0
2026-01-03 13:05:25 | INFO | scraper | TWEET #236 | ❤️ 0 🔁 0 💬 1
2026-01-03 13:05:25 | INFO | scraper | TWEET #237 | ❤️ 2 🔁 0 💬 0
2026-01-03 13:05:26 | INFO | scraper | TWEET #238 | ❤️ 1 🔁 0 💬 0
2026-01-03 13:05:28 | INFO | scraper | TWEET #239 | ❤️ 0 🔁 0 💬 0
2026-01-03 13:05:29 | INFO | scraper | TWEET #240 | ❤️ 0 🔁 0 💬 0
2026-01-03 13:05:29 | INFO | scraper | TWEET #241 | ❤️ 0 🔁 0 💬 0
2026-01-03 13:05:29 | INFO | scraper | TWEET #242 | ❤️ 0 🔁 0 💬 0
2026-01-03 13:05:29 | INFO | scraper | TWEET #243 | ❤️ 1 🔁 0 💬 0
2026-01-03 13:05:29 | INFO | scraper | TWEET #244 | ❤️ 0 🔁 0 💬 1
2026-01-03 13:05:29 | INFO | scraper | TWEET #245 | ❤️ 0 🔁 0 💬 1
2026-01-03 13:05:29 | INFO | scraper | TWEET #246 | ❤️ 1 🔁 0 💬 1
2026-01-03 13:05:31 | INFO | scraper | TWEET #247 | ❤️ 3 🔁 1 💬 1
2026-01-03 13:05:32 | INFO | scraper | TWEET #248 | ❤️ 13 🔁 1 💬 0
2026-01-03 13:05:32 | INFO | scraper | TWEET #249 | ❤️ 0 🔁 0 💬 0
2026-01-03 13:05:32 | INFO | scraper | TWEET #250 | ❤️ 0 🔁 0 💬 0
2026-01-03 13:05:32 | INFO | scraper | TWEET #251 | ❤️ 0 🔁 0 💬 0
2026-01-03 13:05:32 | INFO | scraper | TWEET #252 | ❤️ 0 🔁 0 💬 0
2026-01-03 13:05:35 | INFO | scraper | TWEET #253 | ❤️ 0 🔁 0 💬 0
2026-01-03 13:05:35 | INFO | scraper | TWEET #254 | ❤️ 0 🔁 0 💬 0
2026-01-03 13:05:35 | INFO | scraper | TWEET #255 | ❤️ 7 🔁 0 💬 2
2026-01-03 13:05:35 | INFO | scraper | TWEET #256 | ❤️ 0 🔁 0 💬 0
2026-01-03 13:05:38 | INFO | scraper | TWEET #257 | ❤️ 0 🔁 0 💬 0
2026-01-03 13:05:38 | INFO | scraper | TWEET #258 | ❤️ 0 🔁 0 💬 0
2026-01-03 13:05:38 | INFO | scraper | TWEET #259 | ❤️ 0 🔁 0 💬 0
2026-01-03 13:05:39 | INFO | scraper | TWEET #260 | ❤️ 1 🔁 1 💬 0
2026-01-03 13:05:39 | INFO | scraper | TWEET #261 | ❤️ 9 🔁 1 💬 1
2026-01-03 13:05:39 | INFO | scraper | TWEET #262 | ❤️ 0 🔁 0 💬 0
2026-01-03 13:05:39 | INFO | scraper | TWEET #263 | ❤️ 39 🔁 3 💬 6
2026-01-03 13:05:39 | INFO | scraper | TWEET #264 | ❤️ 0 🔁 0 💬 0
2026-01-03 13:05:42 | INFO | scraper | TWEET #265 | ❤️ 1 🔁 1 💬 0
2026-01-03 13:05:42 | INFO | scraper | TWEET #266 | ❤️ 1 🔁 0 💬 0
2026-01-03 13:05:42 | INFO | scraper | TWEET #267 | ❤️ 0 🔁 0 💬 0
2026-01-03 13:05:42 | INFO | scraper | TWEET #268 | ❤️ 4 🔁 1 💬 1
2026-01-03 13:05:42 | INFO | scraper | TWEET #269 | ❤️ 13 🔁 0 💬 4
2026-01-03 13:05:43 | INFO | scraper | TWEET #270 | ❤️ 0 🔁 0 💬 0
2026-01-03 13:05:46 | INFO | scraper | TWEET #271 | ❤️ 0 🔁 0 💬 0
2026-01-03 13:05:46 | INFO | scraper | TWEET #272 | ❤️ 9 🔁 0 💬 0
2026-01-03 13:05:46 | INFO | scraper | TWEET #273 | ❤️ 2 🔁 0 💬 0
2026-01-03 13:05:46 | INFO | scraper | TWEET #274 | ❤️ 0 🔁 0 💬 0
2026-01-03 13:05:49 | INFO | scraper | TWEET #275 | ❤️ 0 🔁 0 💬 0
2026-01-03 13:05:49 | INFO | scraper | TWEET #276 | ❤️ 1 🔁 1 💬 1
2026-01-03 13:05:50 | INFO | scraper | TWEET #277 | ❤️ 0 🔁 0 💬 0
2026-01-03 13:05:50 | INFO | scraper | TWEET #278 | ❤️ 0 🔁 0 💬 0
2026-01-03 13:05:50 | INFO | scraper | TWEET #279 | ❤️ 0 🔁 0 💬 0
2026-01-03 13:05:50 | INFO | scraper | TWEET #280 | ❤️ 40 🔁 0 💬 2
2026-01-03 13:05:50 | INFO | scraper | TWEET #281 | ❤️ 1 🔁 0 💬 0
2026-01-03 13:05:52 | INFO | scraper | TWEET #282 | ❤️ 0 🔁 0 💬 0
2026-01-03 13:05:52 | INFO | scraper | TWEET #283 | ❤️ 8 🔁 0 💬 1
2026-01-03 13:05:52 | INFO | scraper | TWEET #284 | ❤️ 3 🔁 0 💬 0
2026-01-03 13:05:53 | INFO | scraper | TWEET #285 | ❤️ 7 🔁 3 💬 0
2026-01-03 13:05:53 | INFO | scraper | TWEET #286 | ❤️ 2 🔁 0 💬 0
2026-01-03 13:05:55 | INFO | scraper | TWEET #287 | ❤️ 0 🔁 0 💬 0
2026-01-03 13:05:55 | INFO | scraper | TWEET #288 | ❤️ 2 🔁 0 💬 3
2026-01-03 13:05:55 | INFO | scraper | TWEET #289 | ❤️ 0 🔁 0 💬 0
2026-01-03 13:05:56 | INFO | scraper | TWEET #290 | ❤️ 0 🔁 0 💬 0
2026-01-03 13:05:56 | INFO | scraper | TWEET #291 | ❤️ 0 🔁 0 💬 0
2026-01-03 13:05:56 | INFO | scraper | TWEET #292 | ❤️ 0 🔁 0 💬 0
2026-01-03 13:05:56 | INFO | scraper | TWEET #293 | ❤️ 0 🔁 0 💬 0
2026-01-03 13:05:56 | INFO | scraper | TWEET #294 | ❤️ 1 🔁 0 💬 0
2026-01-03 13:05:56 | INFO | scraper | TWEET #295 | ❤️ 2 🔁 0 💬 0
2026-01-03 13:05:59 | INFO | scraper | TWEET #296 | ❤️ 0 🔁 0 💬 0
2026-01-03 13:05:59 | INFO | scraper | TWEET #297 | ❤️ 0 🔁 0 💬 0
2026-01-03 13:06:00 | INFO | scraper | TWEET #298 | ❤️ 0 🔁 0 💬 0
2026-01-03 13:06:00 | INFO | scraper | TWEET #299 | ❤️ 0 🔁 0 💬 0
2026-01-03 13:06:00 | INFO | scraper | TWEET #300 | ❤️ 0 🔁 0 💬 0
2026-01-03 13:06:03 | INFO | scraper | TWEET #301 | ❤️ 0 🔁 0 💬 0
2026-01-03 13:06:03 | INFO | scraper | TWEET #302 | ❤️ 1 🔁 0 💬 0
2026-01-03 13:06:03 | INFO | scraper | TWEET #303 | ❤️ 2 🔁 0 💬 0
2026-01-03 13:06:03 | INFO | scraper | TWEET #304 | ❤️ 0 🔁 0 💬 0
2026-01-03 13:06:06 | INFO | scraper | TWEET #305 | ❤️ 0 🔁 0 💬 0
2026-01-03 13:06:06 | INFO | scraper | TWEET #306 | ❤️ 2 🔁 0 💬 0
2026-01-03 13:06:06 | INFO | scraper | TWEET #307 | ❤️ 4 🔁 2 💬 2
2026-01-03 13:06:06 | INFO | scraper | TWEET #308 | ❤️ 89 🔁 1 💬 0
2026-01-03 13:06:06 | INFO | scraper | TWEET #309 | ❤️ 0 🔁 0 💬 0
2026-01-03 13:06:06 | INFO | scraper | TWEET #310 | ❤️ 1 🔁 0 💬 0
2026-01-03 13:06:07 | INFO | scraper | TWEET #311 | ❤️ 0 🔁 0 💬 1
2026-01-03 13:06:09 | INFO | scraper | TWEET #312 | ❤️ 1 🔁 0 💬 0
2026-01-03 13:06:10 | INFO | scraper | TWEET #313 | ❤️ 0 🔁 0 💬 0
2026-01-03 13:06:10 | INFO | scraper | TWEET #314 | ❤️ 2 🔁 1 💬 0
2026-01-03 13:06:10 | INFO | scraper | TWEET #315 | ❤️ 0 🔁 0 💬 0
2026-01-03 13:06:10 | INFO | scraper | TWEET #316 | ❤️ 3 🔁 0 💬 0
2026-01-03 13:06:10 | INFO | scraper | TWEET #317 | ❤️ 0 🔁 0 💬 0
2026-01-03 13:06:13 | INFO | scraper | TWEET #318 | ❤️ 0 🔁 0 💬 1
2026-01-03 13:06:13 | INFO | scraper | TWEET #319 | ❤️ 0 🔁 0 💬 0
2026-01-03 13:06:13 | INFO | scraper | TWEET #320 | ❤️ 30 🔁 1 💬 1
2026-01-03 13:06:13 | INFO | scraper | TWEET #321 | ❤️ 3 🔁 0 💬 0
2026-01-03 13:06:14 | INFO | scraper | TWEET #322 | ❤️ 0 🔁 0 💬 0
2026-01-03 13:06:17 | INFO | scraper | TWEET #323 | ❤️ 0 🔁 0 💬 0
2026-01-03 13:06:17 | INFO | scraper | TWEET #324 | ❤️ 0 🔁 0 💬 0
2026-01-03 13:06:17 | INFO | scraper | TWEET #325 | ❤️ 1 🔁 0 💬 0
2026-01-03 13:06:17 | INFO | scraper | TWEET #326 | ❤️ 6 🔁 0 💬 0
2026-01-03 13:06:17 | INFO | scraper | TWEET #327 | ❤️ 0 🔁 0 💬 0
2026-01-03 13:06:17 | INFO | scraper | TWEET #328 | ❤️ 2 🔁 0 💬 0
2026-01-03 13:06:17 | INFO | scraper | TWEET #329 | ❤️ 0 🔁 0 💬 0
2026-01-03 13:06:20 | INFO | scraper | TWEET #330 | ❤️ 0 🔁 0 💬 0
2026-01-03 13:06:20 | INFO | scraper | TWEET #331 | ❤️ 0 🔁 0 💬 0
2026-01-03 13:06:20 | INFO | scraper | TWEET #332 | ❤️ 0 🔁 0 💬 0
2026-01-03 13:06:21 | INFO | scraper | TWEET #333 | ❤️ 7 🔁 2 💬 1
2026-01-03 13:06:23 | INFO | scraper | TWEET #334 | ❤️ 12 🔁 1 💬 2
2026-01-03 13:06:24 | INFO | scraper | TWEET #335 | ❤️ 1 🔁 0 💬 0
2026-01-03 13:06:24 | INFO | scraper | TWEET #336 | ❤️ 2 🔁 0 💬 0
2026-01-03 13:06:24 | INFO | scraper | TWEET #337 | ❤️ 10 🔁 0 💬 1
2026-01-03 13:06:24 | INFO | scraper | TWEET #338 | ❤️ 0 🔁 0 💬 0
2026-01-03 13:06:24 | INFO | scraper | TWEET #339 | ❤️ 0 🔁 0 💬 0
2026-01-03 13:06:27 | INFO | scraper | TWEET #340 | ❤️ 1 🔁 0 💬 0
2026-01-03 13:06:27 | INFO | scraper | TWEET #341 | ❤️ 0 🔁 0 💬 0
2026-01-03 13:06:27 | INFO | scraper | TWEET #342 | ❤️ 0 🔁 0 💬 0
2026-01-03 13:06:30 | INFO | scraper | TWEET #343 | ❤️ 13 🔁 0 💬 0
2026-01-03 13:06:30 | INFO | scraper | TWEET #344 | ❤️ 9 🔁 3 💬 0
2026-01-03 13:06:30 | INFO | scraper | TWEET #345 | ❤️ 1 🔁 0 💬 0
2026-01-03 13:06:30 | INFO | scraper | TWEET #346 | ❤️ 0 🔁 0 💬 0
2026-01-03 13:06:30 | INFO | scraper | TWEET #347 | ❤️ 0 🔁 0 💬 0
2026-01-03 13:06:30 | INFO | scraper | TWEET #348 | ❤️ 1 🔁 0 💬 0
2026-01-03 13:06:31 | INFO | scraper | TWEET #349 | ❤️ 0 🔁 0 💬 2
2026-01-03 13:06:31 | INFO | scraper | TWEET #350 | ❤️ 0 🔁 0 💬 0
2026-01-03 13:06:33 | INFO | scraper | TWEET #351 | ❤️ 2 🔁 0 💬 0
2026-01-03 13:06:34 | INFO | scraper | TWEET #352 | ❤️ 0 🔁 0 💬 0
2026-01-03 13:06:34 | INFO | scraper | TWEET #353 | ❤️ 98 🔁 6 💬 4
2026-01-03 13:06:34 | INFO | scraper | TWEET #354 | ❤️ 0 🔁 0 💬 0
2026-01-03 13:06:34 | INFO | scraper | TWEET #355 | ❤️ 32 🔁 2 💬 3
2026-01-03 13:06:34 | INFO | scraper | TWEET #356 | ❤️ 22 🔁 2 💬 0
2026-01-03 13:06:34 | INFO | scraper | TWEET #357 | ❤️ 0 🔁 0 💬 0
2026-01-03 13:06:34 | INFO | scraper | TWEET #358 | ❤️ 22 🔁 0 💬 0
2026-01-03 13:06:34 | INFO | scraper | TWEET #359 | ❤️ 0 🔁 0 💬 0
2026-01-03 13:06:35 | INFO | scraper | TWEET #360 | ❤️ 0 🔁 0 💬 0
2026-01-03 13:06:35 | INFO | scraper | TWEET #361 | ❤️ 5 🔁 0 💬 0
2026-01-03 13:06:37 | INFO | scraper | TWEET #362 | ❤️ 3 🔁 0 💬 0
2026-01-03 13:06:38 | INFO | scraper | TWEET #363 | ❤️ 0 🔁 0 💬 0
2026-01-03 13:06:38 | INFO | scraper | TWEET #364 | ❤️ 1 🔁 0 💬 0
2026-01-03 13:06:38 | INFO | scraper | TWEET #365 | ❤️ 1 🔁 0 💬 0
2026-01-03 13:06:38 | INFO | scraper | TWEET #366 | ❤️ 0 🔁 0 💬 0
2026-01-03 13:06:38 | INFO | scraper | TWEET #367 | ❤️ 0 🔁 0 💬 0
2026-01-03 13:06:38 | INFO | scraper | TWEET #368 | ❤️ 32 🔁 1 💬 5
2026-01-03 13:06:38 | INFO | scraper | TWEET #369 | ❤️ 0 🔁 0 💬 0
2026-01-03 13:06:41 | INFO | scraper | TWEET #370 | ❤️ 9 🔁 0 💬 0
2026-01-03 13:06:41 | INFO | scraper | TWEET #371 | ❤️ 0 🔁 0 💬 0
2026-01-03 13:06:41 | INFO | scraper | TWEET #372 | ❤️ 0 🔁 0 💬 0
2026-01-03 13:06:41 | INFO | scraper | TWEET #373 | ❤️ 1 🔁 0 💬 0
2026-01-03 13:06:41 | INFO | scraper | TWEET #374 | ❤️ 6 🔁 0 💬 1
2026-01-03 13:06:43 | INFO | scraper | No more tweets loading for #nifty
2026-01-03 13:06:43 | INFO | scraper | Searching keyword: #nifty50
2026-01-03 13:07:34 | INFO | main | Target tweets: 100
2026-01-03 13:07:35 | INFO | scraper | Chrome driver started
2026-01-03 13:07:35 | INFO | scraper | Searching keyword: #nifty
2026-01-03 13:08:01 | INFO | main | Target tweets: 100
2026-01-03 13:08:02 | INFO | scraper | Chrome driver started
2026-01-03 13:08:02 | INFO | scraper | Searching keyword: #nifty
2026-01-03 13:09:48 | INFO | main | Target tweets: 100
2026-01-03 13:09:49 | INFO | scraper | Chrome driver started
2026-01-03 13:09:49 | INFO | scraper | Searching keyword: #nifty
2026-01-03 13:34:39 | INFO | main | Target tweets: 100
2026-01-03 13:34:41 | INFO | scraper | Chrome driver started
2026-01-03 13:34:41 | INFO | scraper | Searching keyword: #nifty
2026-01-03 13:34:51 | INFO | scraper | TWEET #1 | ❤️ 1 🔁 1 💬 0
2026-01-03 13:34:51 | INFO | scraper | TWEET #2 | ❤️ 0 🔁 0 💬 0
2026-01-03 13:34:51 | INFO | scraper | TWEET #3 | ❤️ 0 🔁 0 💬 0
2026-01-03 13:34:51 | INFO | scraper | TWEET #4 | ❤️ 29 🔁 1 💬 0
2026-01-03 13:34:52 | INFO | scraper | TWEET #5 | ❤️ 8 🔁 0 💬 2
2026-01-03 13:34:55 | INFO | scraper | TWEET #6 | ❤️ 0 🔁 0 💬 0
2026-01-03 13:34:55 | INFO | scraper | TWEET #7 | ❤️ 0 🔁 0 💬 0
2026-01-03 13:34:55 | INFO | scraper | TWEET #8 | ❤️ 11 🔁 0 💬 1
2026-01-03 13:34:58 | INFO | scraper | TWEET #9 | ❤️ 0 🔁 0 💬 1
2026-01-03 13:34:58 | INFO | scraper | TWEET #10 | ❤️ 0 🔁 0 💬 1
2026-01-03 13:34:58 | INFO | scraper | TWEET #11 | ❤️ 0 🔁 0 💬 1
2026-01-03 13:34:58 | INFO | scraper | TWEET #12 | ❤️ 0 🔁 0 💬 0
2026-01-03 13:34:58 | INFO | scraper | TWEET #13 | ❤️ 0 🔁 0 💬 0
2026-01-03 13:34:58 | INFO | scraper | TWEET #14 | ❤️ 0 🔁 0 💬 0
2026-01-03 13:35:01 | INFO | scraper | TWEET #15 | ❤️ 5 🔁 1 💬 0
2026-01-03 13:35:01 | INFO | scraper | TWEET #16 | ❤️ 0 🔁 0 💬 0
2026-01-03 13:35:01 | INFO | scraper | TWEET #17 | ❤️ 1 🔁 0 💬 0
2026-01-03 13:35:04 | INFO | scraper | TWEET #18 | ❤️ 1 🔁 0 💬 2
2026-01-03 13:35:04 | INFO | scraper | TWEET #19 | ❤️ 1 🔁 0 💬 0
2026-01-03 13:35:05 | INFO | scraper | TWEET #20 | ❤️ 0 🔁 0 💬 0
2026-01-03 13:35:05 | INFO | scraper | TWEET #21 | ❤️ 0 🔁 0 💬 1
2026-01-03 13:35:05 | INFO | scraper | TWEET #22 | ❤️ 1 🔁 0 💬 0
2026-01-03 13:35:05 | INFO | scraper | TWEET #23 | ❤️ 0 🔁 0 💬 0
2026-01-03 13:35:05 | INFO | scraper | TWEET #24 | ❤️ 6 🔁 0 💬 0
2026-01-03 13:35:07 | INFO | scraper | TWEET #25 | ❤️ 0 🔁 0 💬 0
2026-01-03 13:35:11 | INFO | scraper | TWEET #26 | ❤️ 0 🔁 0 💬 1
2026-01-03 13:35:13 | INFO | scraper | TWEET #27 | ❤️ 30 🔁 2 💬 2
2026-01-03 13:35:13 | INFO | scraper | TWEET #28 | ❤️ 1 🔁 0 💬 0
2026-01-03 13:35:13 | INFO | scraper | TWEET #29 | ❤️ 0 🔁 0 💬 0
2026-01-03 13:35:14 | INFO | scraper | TWEET #30 | ❤️ 0 🔁 0 💬 0
2026-01-03 13:35:14 | INFO | scraper | TWEET #31 | ❤️ 0 🔁 0 💬 0
2026-01-03 13:35:14 | INFO | scraper | TWEET #32 | ❤️ 1 🔁 0 💬 0
2026-01-03 13:35:14 | INFO | scraper | TWEET #33 | ❤️ 0 🔁 0 💬 0
2026-01-03 13:35:17 | INFO | scraper | TWEET #34 | ❤️ 1 🔁 1 💬 0
2026-01-03 13:35:17 | INFO | scraper | TWEET #35 | ❤️ 8 🔁 0 💬 0
2026-01-03 13:35:17 | INFO | scraper | TWEET #36 | ❤️ 0 🔁 0 💬 0
2026-01-03 13:35:19 | INFO | scraper | TWEET #37 | ❤️ 11 🔁 1 💬 0
2026-01-03 13:35:20 | INFO | scraper | TWEET #38 | ❤️ 10 🔁 1 💬 4
2026-01-03 13:35:20 | INFO | scraper | TWEET #39 | ❤️ 0 🔁 0 💬 0
2026-01-03 13:35:20 | INFO | scraper | TWEET #40 | ❤️ 0 🔁 0 💬 0
2026-01-03 13:35:20 | INFO | scraper | TWEET #41 | ❤️ 1 🔁 0 💬 0
2026-01-03 13:35:20 | INFO | scraper | TWEET #42 | ❤️ 2 🔁 1 💬 0
2026-01-03 13:35:20 | INFO | scraper | TWEET #43 | ❤️ 1 🔁 0 💬 0
2026-01-03 13:35:20 | INFO | scraper | TWEET #44 | ❤️ 11 🔁 0 💬 0
2026-01-03 13:35:23 | INFO | scraper | TWEET #45 | ❤️ 0 🔁 0 💬 0
2026-01-03 13:35:23 | INFO | scraper | TWEET #46 | ❤️ 0 🔁 0 💬 0
2026-01-03 13:35:23 | INFO | scraper | TWEET #47 | ❤️ 0 🔁 0 💬 0
2026-01-03 13:35:24 | INFO | scraper | TWEET #48 | ❤️ 0 🔁 0 💬 0
2026-01-03 13:35:24 | INFO | scraper | TWEET #49 | ❤️ 0 🔁 0 💬 0
2026-01-03 13:35:24 | INFO | scraper | TWEET #50 | ❤️ 0 🔁 0 💬 0
2026-01-03 13:35:26 | INFO | scraper | TWEET #51 | ❤️ 6 🔁 0 💬 0
2026-01-03 13:35:26 | INFO | scraper | TWEET #52 | ❤️ 51 🔁 2 💬 3
2026-01-03 13:35:26 | INFO | scraper | TWEET #53 | ❤️ 0 🔁 0 💬 0
2026-01-03 13:35:26 | INFO | scraper | TWEET #54 | ❤️ 0 🔁 0 💬 0
2026-01-03 13:35:27 | INFO | scraper | TWEET #55 | ❤️ 0 🔁 0 💬 0
2026-01-03 13:35:30 | INFO | scraper | TWEET #56 | ❤️ 1 🔁 0 💬 0
2026-01-03 13:35:30 | INFO | scraper | TWEET #57 | ❤️ 0 🔁 0 💬 0
2026-01-03 13:35:30 | INFO | scraper | TWEET #58 | ❤️ 2 🔁 0 💬 1
2026-01-03 13:35:34 | INFO | scraper | TWEET #59 | ❤️ 1 🔁 0 💬 0
2026-01-03 13:35:34 | INFO | scraper | TWEET #60 | ❤️ 0 🔁 0 💬 0
2026-01-03 13:35:34 | INFO | scraper | TWEET #61 | ❤️ 0 🔁 0 💬 0
2026-01-03 13:35:34 | INFO | scraper | TWEET #62 | ❤️ 0 🔁 0 💬 0
2026-01-03 13:35:34 | INFO | scraper | TWEET #63 | ❤️ 0 🔁 0 💬 0
2026-01-03 13:35:34 | INFO | scraper | TWEET #64 | ❤️ 0 🔁 0 💬 0
2026-01-03 13:35:37 | INFO | scraper | TWEET #65 | ❤️ 3 🔁 0 💬 0
2026-01-03 13:35:37 | INFO | scraper | TWEET #66 | ❤️ 0 🔁 0 💬 0
2026-01-03 13:35:37 | INFO | scraper | TWEET #67 | ❤️ 0 🔁 0 💬 0
2026-01-03 13:35:37 | INFO | scraper | TWEET #68 | ❤️ 0 🔁 0 💬 0
2026-01-03 13:35:37 | INFO | scraper | TWEET #69 | ❤️ 0 🔁 0 💬 0
2026-01-03 13:35:37 | INFO | scraper | TWEET #70 | ❤️ 0 🔁 0 💬 0
2026-01-03 13:35:37 | INFO | scraper | TWEET #71 | ❤️ 1 🔁 1 💬 0
2026-01-03 13:35:38 | INFO | scraper | TWEET #72 | ❤️ 1 🔁 0 💬 0
2026-01-03 13:35:41 | INFO | scraper | TWEET #73 | ❤️ 0 🔁 0 💬 0
2026-01-03 13:35:41 | INFO | scraper | TWEET #74 | ❤️ 0 🔁 0 💬 0
2026-01-03 13:35:41 | INFO | scraper | TWEET #75 | ❤️ 1 🔁 0 💬 0
2026-01-03 13:35:41 | INFO | scraper | TWEET #76 | ❤️ 0 🔁 0 💬 0
2026-01-03 13:35:41 | INFO | scraper | TWEET #77 | ❤️ 0 🔁 0 💬 0
2026-01-03 13:35:41 | INFO | scraper | TWEET #78 | ❤️ 0 🔁 0 💬 0
2026-01-03 13:35:41 | INFO | scraper | TWEET #79 | ❤️ 0 🔁 0 💬 1
2026-01-03 13:35:43 | INFO | scraper | TWEET #80 | ❤️ 0 🔁 0 💬 0
2026-01-03 13:35:44 | INFO | scraper | TWEET #81 | ❤️ 0 🔁 0 💬 0
2026-01-03 13:35:44 | INFO | scraper | TWEET #82 | ❤️ 0 🔁 0 💬 0
2026-01-03 13:35:44 | INFO | scraper | TWEET #83 | ❤️ 0 🔁 0 💬 0
2026-01-03 13:35:44 | INFO | scraper | TWEET #84 | ❤️ 2 🔁 0 💬 0
2026-01-03 13:35:44 | INFO | scraper | TWEET #85 | ❤️ 0 🔁 0 💬 0
2026-01-03 13:35:44 | INFO | scraper | TWEET #86 | ❤️ 8 🔁 1 💬 1
2026-01-03 13:35:45 | INFO | scraper | TWEET #87 | ❤️ 1 🔁 0 💬 1
2026-01-03 13:35:48 | INFO | scraper | TWEET #88 | ❤️ 0 🔁 0 💬 0
2026-01-03 13:35:48 | INFO | scraper | TWEET #89 | ❤️ 2 🔁 0 💬 0
2026-01-03 13:35:48 | INFO | scraper | TWEET #90 | ❤️ 0 🔁 0 💬 0
2026-01-03 13:35:48 | INFO | scraper | TWEET #91 | ❤️ 1 🔁 0 💬 0
2026-01-03 13:35:48 | INFO | scraper | TWEET #92 | ❤️ 4 🔁 0 💬 0
2026-01-03 13:35:51 | INFO | scraper | TWEET #93 | ❤️ 2 🔁 0 💬 0
2026-01-03 13:35:51 | INFO | scraper | TWEET #94 | ❤️ 4 🔁 1 💬 0
2026-01-03 13:35:51 | INFO | scraper | TWEET #95 | ❤️ 0 🔁 0 💬 0
2026-01-03 13:35:51 | INFO | scraper | TWEET #96 | ❤️ 1 🔁 0 💬 0
2026-01-03 13:35:51 | INFO | scraper | TWEET #97 | ❤️ 1 🔁 0 💬 0
2026-01-03 13:35:51 | INFO | scraper | TWEET #98 | ❤️ 1 🔁 0 💬 0
2026-01-03 13:35:54 | INFO | scraper | TWEET #99 | ❤️ 0 🔁 0 💬 0
2026-01-03 13:35:54 | INFO | scraper | TWEET #100 | ❤️ 3 🔁 1 💬 0
2026-01-03 13:35:59 | INFO | scraper | Scraping completed: 100 tweets
2026-01-03 13:35:59 | INFO | processing | Processing 100 raw tweets
2026-01-03 13:35:59 | INFO | processing | Deduplicated tweets: 100 → 100
2026-01-03 13:35:59 | INFO | analysis | Building TF-IDF vectors
2026-01-03 13:35:59 | INFO | analysis | Calculating sentiment signal
2026-01-03 13:35:59 | INFO | analysis | Signal generated: {'mean_signal': np.float64(0.11025816367821553), 'confidence': np.float64(0.4143285124487286), 'tweet_count': 100}
2026-01-03 13:35:59 | INFO | main | === MARKET SENTIMENT ===
2026-01-03 13:35:59 | INFO | main | mean_signal: 0.11025816367821553
2026-01-03 13:35:59 | INFO | main | confidence: 0.4143285124487286
2026-01-03 13:35:59 | INFO | main | tweet_count: 100
2026-01-03 13:36:00 | INFO | main | Saved tweets.parquet
